// Jest Snapshot v1, https://goo.gl/fbAQLP

exports[`Game should render the Game correctly 1`] = `
<div>
  <nav
    className="blue lighten-1"
    role="navigation"
  >
    <div
      className="nav-wrapper container"
    >
      <a
        className="brand-logo"
        href="/"
        onClick={[Function]}
      >
        15 Puzzle Isomorphic!
      </a>
    </div>
  </nav>
  <section
    className="container"
  >
    <div
      className="section"
    >
      <div
        className="bloc z-depth-3"
      >
        <div
          className="col s12"
        >
          <h5>
            Building a new game
          </h5>
        </div>
        <div
          className="col s12"
        >
          <div
            className="activity-indicator-wrapper"
          >
            <div
              className="preloader-wrapper big active"
            >
              <div
                className="spinner-layer spinner-blue"
              >
                <div
                  className="circle-clipper left"
                >
                  <div
                    className="circle"
                  />
                </div>
                <div
                  className="gap-patch"
                >
                  <div
                    className="circle"
                  />
                </div>
                <div
                  className="circle-clipper right"
                >
                  <div
                    className="circle"
                  />
                </div>
              </div>
              <div
                className="spinner-layer spinner-red"
              >
                <div
                  className="circle-clipper left"
                >
                  <div
                    className="circle"
                  />
                </div>
                <div
                  className="gap-patch"
                >
                  <div
                    className="circle"
                  />
                </div>
                <div
                  className="circle-clipper right"
                >
                  <div
                    className="circle"
                  />
                </div>
              </div>
              <div
                className="spinner-layer spinner-yellow"
              >
                <div
                  className="circle-clipper left"
                >
                  <div
                    className="circle"
                  />
                </div>
                <div
                  className="gap-patch"
                >
                  <div
                    className="circle"
                  />
                </div>
                <div
                  className="circle-clipper right"
                >
                  <div
                    className="circle"
                  />
                </div>
              </div>
              <div
                className="spinner-layer spinner-green"
              >
                <div
                  className="circle-clipper left"
                >
                  <div
                    className="circle"
                  />
                </div>
                <div
                  className="gap-patch"
                >
                  <div
                    className="circle"
                  />
                </div>
                <div
                  className="circle-clipper right"
                >
                  <div
                    className="circle"
                  />
                </div>
              </div>
            </div>
          </div>
        </div>
      </div>
    </div>
    <div
      className="section"
    >
      <div
        className="row"
      >
        <div
          className="col s12"
        >
          <div
            className="buttons-wrapper"
          >
            <a
              className="btn red"
              href="/"
              onClick={[Function]}
            >
              <i
                className="material-icons left"
              >
                keyboard_return
              </i>
              Back to home
            </a>
          </div>
        </div>
      </div>
    </div>
  </section>
</div>
`;
