// Jest Snapshot v1, https://goo.gl/fbAQLP

exports[`Index should render the Index correctly 1`] = `
<div>
  <nav
    className="blue lighten-1"
    role="navigation"
  >
    <div
      className="nav-wrapper container"
    >
      <a
        className="brand-logo"
        href="/"
        onClick={[Function]}
      >
        15 Puzzle Isomorphic!
      </a>
    </div>
  </nav>
  <section
    className="container"
  >
    <div
      className="section"
    >
      <div
        className="bloc z-depth-3"
      >
        <div
          className="col s12"
        >
          <h5>
            Welcome to the 15 puzzle game!
          </h5>
        </div>
        <div
          className="col s12"
        >
          <div
            className="image-wrapper"
          >
            <img
              alt="15 puzzle picture"
              className="responsive-img"
              src="/static/images/banner.jpg"
            />
          </div>
        </div>
      </div>
    </div>
    <div
      className="section"
    >
      <div
        className="row"
      >
        <div
          className="col s12"
        >
          <a
            className="btn blue"
            href="/game"
            onClick={[Function]}
          >
            <i
              className="material-icons left"
            >
              play_circle_outline
            </i>
            Single game
          </a>
        </div>
      </div>
    </div>
  </section>
</div>
`;
